Testing /api/finance/income/summary...
Status: 200
Data: {
  "success": true,
  "data": {
    "totalOrders": 22735.4,
    "totalMisc": 80546,
    "grandTotal": 103281.4,
    "breakdown": {
      "misc": [
        {
          "id": 2,
          "description": "uihu",
          "amount": 544,
          "date": "2025-12-27",
          "category": "Ventas",
          "notes": ""
        },
        {
          "id": 3,
          "description": "fyfty",
          "amount": 78788,
          "date": "2025-12-27",
          "category": "Ventas",
          "notes": ""
        },
        {
          "id": 4,
          "description": "aaaaaaaaaaaaaaaaaa",
          "amount": 2,
          "date": "2025-12-27",
          "category": "Servicios",
          "notes": ""
        },
        {
          "id": 1,
          "description": "sasa",
          "amount": 1212,
          "date": "2025-12-14",
          "category": "Ventas",
          "notes": ""
        }
      ]
    }
  }
}
